Drill report for SparkFun_GNSS_mosaic-G5_P3_panelized.kicad_pcb
Created on 2025-04-24T00:39:46+0100

Copper Layer Stackup:
    =============================================================
    L1 :  F.Cu                      front
    L2 :  L2.Cu                     in1
    L3 :  L3.Cu                     in2
    L4 :  B.Cu                      back


Drill file 'SparkFun_GNSS_mosaic-G5_P3_panelized.drl' contains
    plated through holes:
    =============================================================
    T1  0.305mm  0.0120"  (624 holes)
    T2  0.600mm  0.0236"  (16 holes)  (with 16 slots)
    T3  1.016mm  0.0400"  (108 holes)

    Total plated holes count 748


Not plated through holes are merged with plated holes
    unplated through holes:
    =============================================================
    T4  0.650mm  0.0256"  (8 holes)
    T5  3.100mm  0.1220"  (16 holes)

    Total unplated holes count 24
